// Jest Snapshot v1, https://jestjs.io/docs/snapshot-testing

exports[`Table with addColumns and addColumn should add a single column using addColumn 1`] = `
"┌────┐
│[37m [0m[01mid[0m │
├────┤
│[37m [0m[34m1 [0m │
│[37m [0m[34m2 [0m │
└────┘"
`;

exports[`Table with addColumns and addColumn should add multiple columns using addColumns 1`] = `
"┌────┬───────────┬────────┐
│[37m [0m[01mid[0m │[37m [0m[01m  name   [0m │[37m [0m[01m price[0m │
├────┼───────────┼────────┤
│[37m [0m[37m1 [0m │[37m [0m[37mProduct A[0m │[37m [0m[32m 99.99[0m │
│[37m [0m[37m2 [0m │[37m [0m[37mProduct B[0m │[37m [0m[32m149.99[0m │
└────┴───────────┴────────┘"
`;

exports[`Table with addColumns and addColumn should combine addColumn and addColumns 1`] = `
"┌────┬───────────┬─────────────┬────────┐
│[37m [0m[01mid[0m │[37m [0m[01m  name   [0m │[37m [0m[01m category  [0m │[37m [0m[01m price[0m │
├────┼───────────┼─────────────┼────────┤
│[37m [0m[37m1 [0m │[37m [0m[37mProduct A[0m │[37m [0m[37mElectronics[0m │[37m [0m[33m 99.99[0m │
│[37m [0m[37m2 [0m │[37m [0m[37mProduct B[0m │[37m [0m[37m   Books   [0m │[37m [0m[33m149.99[0m │
└────┴───────────┴─────────────┴────────┘"
`;
