// Jest Snapshot v1, https://jestjs.io/docs/snapshot-testing

exports[`Example: Print a simple Table without table instance creation simple print 1`] = `
"┌─────────────────────┬───────┬─────────────────────┬───────┬────────┬────────┬───────┬───────┬─────────┬────────┬───────────────────┐
│[37m [0m[01m             eighty[0m │[37m [0m[01mindex[0m │[37m [0m[01m               text[0m │[37m [0m[01mthird[0m │[37m [0m[01mfourth[0m │[37m [0m[01mtwelve[0m │[37m [0m[01mfifth[0m │[37m [0m[01msixth[0m │[37m [0m[01mseventh[0m │[37m [0m[01m value[0m │[37m [0m[01mis_priority_today[0m │
├─────────────────────┼───────┼─────────────────────┼───────┼────────┼────────┼───────┼───────┼─────────┼────────┼───────────────────┤
│[37m [0m[32m                   [0m │[37m [0m[33m1    [0m │[37m [0m[32m           red wine[0m │[37m [0m[32m     [0m │[37m [0m[32m      [0m │[37m [0m[32m      [0m │[37m [0m[32m     [0m │[37m [0m[32m     [0m │[37m [0m[32m       [0m │[37m [0m[32m10.212[0m │[37m [0m[32m                 [0m │
│[37m [0m[37m                   [0m │[37m [0m[33m2    [0m │[37m [0m[37m       green gemuse[0m │[37m [0m[37m     [0m │[37m [0m[37m      [0m │[37m [0m[37m      [0m │[37m [0m[37m     [0m │[37m [0m[37m     [0m │[37m [0m[37m       [0m │[37m [0m[37m    20[0m │[37m [0m[37m                 [0m │
│[37m [0m[33m                   [0m │[37m [0m[33m     [0m │[37m [0m[33m       gelb bananen[0m │[37m [0m[33m    3[0m │[37m [0m[33m     4[0m │[37m [0m[33m      [0m │[37m [0m[33m    7[0m │[37m [0m[33m     [0m │[37m [0m[33m       [0m │[37m [0m[33m   100[0m │[37m [0m[33m                Y[0m │
│[37m [0m[36m                   [0m │[37m [0m[33m3    [0m │[37m [0m[36mrosa hemd wie immer[0m │[37m [0m[36m     [0m │[37m [0m[36m      [0m │[37m [0m[36m      [0m │[37m [0m[36m     [0m │[37m [0m[36m    6[0m │[37m [0m[36m      7[0m │[37m [0m[36m   100[0m │[37m [0m[36m                 [0m │
│[37m [0m[32mrosa hemd wie immer[0m │[37m [0m[33m     [0m │[37m [0m[32m                   [0m │[37m [0m[32m     [0m │[37m [0m[32m      [0m │[37m [0m[32m     3[0m │[37m [0m[32m     [0m │[37m [0m[32m    6[0m │[37m [0m[32m      7[0m │[37m [0m[32m      [0m │[37m [0m[32m                 [0m │
└─────────────────────┴───────┴─────────────────────┴───────┴────────┴────────┴───────┴───────┴─────────┴────────┴───────────────────┘"
`;
